// Jest Snapshot v1, https://goo.gl/fbAQLP

exports[`renders correctly 1`] = `
<div>
  <div
    className="NavContainer"
  >
    <div
      className="NavColumnRight"
    >
      <a
        href="https://www.producthunt.com/posts/giki-2?utm_source=badge-featured&utm_medium=badge&utm_souce=badge-giki-2"
        rel="noreferrer"
        target="_blank"
      >
        <img
          alt="Giki - Blogging, note-taking, ideas management, thoughts catching. | Product Hunt"
          className="ProductHunt"
          src="https://api.producthunt.com/widgets/embed-image/v1/featured.svg?post_id=272045&theme=dark"
        />
      </a>
      <div
        className="NavItem"
      />
      <div
        className="NavItem"
      >
        <a
          href="https://giki.app/discover"
        >
          Discover
        </a>
      </div>
      <div
        className="NavItem"
      >
        <a
          href="https://giki.app/about"
        >
          About
        </a>
      </div>
      <div
        className="NavItem"
      >
        <a
          href="https://giki.app/sign"
        >
          Free Trial
        </a>
      </div>
    </div>
  </div>
  <div
    className="Container"
  >
    <div
      className="Responsive IntroContainer"
    >
      <div
        className="IconContainer"
      >
        <div
          className="SloganContainer"
        >
          <p
            className="SloganText"
          >
            Write Anytime, Anywhere
          </p>
        </div>
      </div>
      <div
        className="StoreContainer"
      >
        <div
          className="Container"
        >
          <div
            className="ColumnContainer"
            style={
              Object {
                "width": "50%",
              }
            }
          />
          <div
            className="ColumnContainer"
            style={
              Object {
                "width": "50%",
              }
            }
          />
        </div>
      </div>
    </div>
    <div
      className="Responsive Iphone"
    >
      <div
        className="IphoneScreenshot"
      >
        <span
          style={
            Object {
              "background": "none",
              "border": 0,
              "bottom": 0,
              "boxSizing": "border-box",
              "display": "block",
              "height": "initial",
              "left": 0,
              "margin": 0,
              "opacity": 1,
              "overflow": "hidden",
              "padding": 0,
              "position": "absolute",
              "right": 0,
              "top": 0,
              "width": "initial",
            }
          }
        >
          <img
            alt="App screenshot"
            data-nimg="fill"
            decoding="async"
            src="data:image/gif;base64,R0lGODlhAQABAIAAAAAAAP///yH5BAEAAAAALAAAAAABAAEAAAIBRAA7"
            style={
              Object {
                "border": "none",
                "bottom": 0,
                "boxSizing": "border-box",
                "display": "block",
                "height": 0,
                "left": 0,
                "margin": "auto",
                "maxHeight": "100%",
                "maxWidth": "100%",
                "minHeight": "100%",
                "minWidth": "100%",
                "objectFit": undefined,
                "objectPosition": undefined,
                "padding": 0,
                "position": "absolute",
                "right": 0,
                "top": 0,
                "width": 0,
              }
            }
          />
          <noscript>
            <img
              alt="App screenshot"
              data-nimg="fill"
              decoding="async"
              loading="lazy"
              sizes="100vw"
              src="/_next/image?url=%2Fimages%2Fhome-screen.png&w=3840&q=75"
              srcSet="/_next/image?url=%2Fimages%2Fhome-screen.png&w=640&q=75 640w, /_next/image?url=%2Fimages%2Fhome-screen.png&w=750&q=75 750w, /_next/image?url=%2Fimages%2Fhome-screen.png&w=828&q=75 828w, /_next/image?url=%2Fimages%2Fhome-screen.png&w=1080&q=75 1080w, /_next/image?url=%2Fimages%2Fhome-screen.png&w=1200&q=75 1200w, /_next/image?url=%2Fimages%2Fhome-screen.png&w=1920&q=75 1920w, /_next/image?url=%2Fimages%2Fhome-screen.png&w=2048&q=75 2048w, /_next/image?url=%2Fimages%2Fhome-screen.png&w=3840&q=75 3840w"
              style={
                Object {
                  "border": "none",
                  "bottom": 0,
                  "boxSizing": "border-box",
                  "display": "block",
                  "height": 0,
                  "left": 0,
                  "margin": "auto",
                  "maxHeight": "100%",
                  "maxWidth": "100%",
                  "minHeight": "100%",
                  "minWidth": "100%",
                  "objectFit": undefined,
                  "objectPosition": undefined,
                  "padding": 0,
                  "position": "absolute",
                  "right": 0,
                  "top": 0,
                  "width": 0,
                }
              }
            />
          </noscript>
        </span>
      </div>
    </div>
  </div>
  <div
    className="Container Footer"
  >
    <div
      className="Sep"
    />
    <div
      className="FooterInfoWrapper"
    >
      <div
        className="Credit"
      >
        Made with 
        <span
          className="Heart"
        >
          â™¥
        </span>
         by
         
        <a
          href="https://i.giki.app"
        >
          Minghe
        </a>
      </div>
      <div
        className="Contact"
      >
        <a
          href="mailto:h.minghe@gmail.com?subject=giki.app"
        >
          Contact
        </a>
      </div>
      <div
        className="Contact"
      >
        <a
          href="https://gikiapp.github.io/status"
        >
          Status
        </a>
      </div>
    </div>
  </div>
</div>
`;
